// Jest Snapshot v1, https://goo.gl/fbAQLP

exports[`display the mission in the page should display all the missions 1`] = `
<div>
  <div
    class="loading"
  >
    Loading...
  </div>
</div>
`;
