// Jest Snapshot v1, https://goo.gl/fbAQLP

exports[`matches snapshot 1`] = `
<div
  className="profile-section"
>
  <div
    className="mprdiv"
  >
    <h2
      className="my-profile-h2"
    >
      My missions
    </h2>
    <table
      className="table"
    >
      <tbody />
    </table>
  </div>
  <div
    className="mprdiv"
  >
    <h2
      className="my-profile-h2"
    >
      My rockets
    </h2>
    <table
      className="table"
    >
      <tbody />
    </table>
  </div>
</div>
`;
